################################################################################
#                                                                              #
#      IAR Universal Linker V6.5.1.95                                          #
#                                                                              #
#           Link time     =  08/Nov/2021  10:49:04                             #
#           Target CPU    =  MSP430                                            #
#           List file     =  "c:\Users\tranw\Desktop\VDK_TT\4\4.2 IAR\Debug\Li #
#                            st\Bai_4.map"                                     #
#           Output file 1 =  "c:\Users\tranw\Desktop\VDK_TT\4\4.2 IAR\Debug\Ex #
#                            e\Bai_4.hex"                                      #
#                            Format: intel-standard                            #
#           Command line  =  -f C:\Users\tranw\AppData\Local\Temp\EW74B7.tmp   #
#                            ("c:\Users\tranw\Desktop\VDK_TT\4\4.2 IAR\Debug\O #
#                            bj\main.r43"                                      #
#                            -o                                                #
#                            "c:\Users\tranw\Desktop\VDK_TT\4\4.2 IAR\Debug\Ex #
#                            e\Bai_4.hex"                                      #
#                            -Fintel-standard -l                               #
#                            "c:\Users\tranw\Desktop\VDK_TT\4\4.2 IAR\Debug\Li #
#                            st\Bai_4.map"                                     #
#                            -xms                                              #
#                            "-IC:/Program Files (x86)\IAR Systems\Embedded Wo #
#                            rkbench 8.0\430\LIB\"                             #
#                            -f                                                #
#                            "C:/Program Files (x86)\IAR Systems\Embedded Work #
#                            bench 8.0\430\config\linker\lnk430f2112.xcl"      #
#                            (-cmsp430 -QCODE_I=CODE_ID -QTLS16_I=TLS16_ID     #
#                            -Z(CONST)INFO=1000-10FF                           #
#                            -Z(CONST)INFOA=10C0-10FF                          #
#                            -Z(CONST)INFOB=1080-10BF                          #
#                            -Z(CONST)INFOC=1040-107F                          #
#                            -Z(CONST)INFOD=1000-103F                          #
#                            -Z(DATA)DATA16_I,DATA16_Z,DATA16_N,TLS16_I=0200-0 #
#                            2FF                                               #
#                            -Z(DATA)DATA16_HEAP+_DATA16_HEAP_SIZE             #
#                            -Z(DATA)CODE_I -Z(DATA)CSTACK+_STACK_SIZE#        #
#                            -Z(CONST)DATA16_C,DATA16_ID,TLS16_ID,DIFUNCT,CHEC #
#                            KSUM=F800-FFDD                                    #
#                            -Z(CODE)CSTART,ISR_CODE,CODE_ID=F800-FFDD         #
#                            -P(CODE)CODE=F800-FFDD                            #
#                            -Z(CONST)SIGNATURE=FFDE-FFDF                      #
#                            -Z(CODE)INTVEC=FFE0-FFFF                          #
#                            -Z(CODE)RESET=FFFE-FFFF) -D_STACK_SIZE=50         #
#                            "C:/Program Files (x86)\IAR Systems\Embedded Work #
#                            bench 8.0\430\lib\dlib\dl430fn.r43"               #
#                            -e_PrintfLarge=_Printf -e_ScanfLarge=_Scanf       #
#                            -D_DATA16_HEAP_SIZE=50 -s __program_start         #
#                            -D_DATA20_HEAP_SIZE=50)                           #
#                                                                              #
#                           Copyright (C) 1987-2016 IAR Systems AB.            #
################################################################################





                ****************************************
                *                                      *
                *           CROSS REFERENCE            *
                *                                      *
                ****************************************

       Program entry at :           F800  Relocatable, from module : ?cstart




                ****************************************
                *                                      *
                *            RUNTIME MODEL             *
                *                                      *
                ****************************************

  __Heap_Handler             = Basic
  __SystemLibrary            = DLib
  __core                     = 430
  __dlib_file_descriptor     = 0
  __dlib_full_locale_support = 0
  __double_size              = 32
  __pic                      = no
  __reg_r4                   = free
  __reg_r5                   = free
  __rt_version               = 3

                ****************************************
                *                                      *
                *    AUTOMATIC SYMBOL REDIRECTIONS     *
                *                                      *
                ****************************************

                  There are no automatic symbol redirections.



                ****************************************
                *                                      *
                *              MODULE MAP              *
                *                                      *
                ****************************************


  DEFINED ABSOLUTE ENTRIES
    *************************************************************************

  DEFINED ABSOLUTE ENTRIES
  PROGRAM MODULE, NAME : ?ABS_ENTRY_MOD

Absolute parts
           ENTRY                   ADDRESS         REF BY
           =====                   =======         ======
           _DATA20_HEAP_SIZE       0050 
           _DATA16_HEAP_SIZE       0050 
           _STACK_SIZE             0050 
    *************************************************************************

  FILE NAME : c:\Users\tranw\Desktop\VDK_TT\4\4.2 IAR\Debug\Obj\main.r43
  PROGRAM MODULE, NAME : main

  SEGMENTS IN THE MODULE
  ======================
DATA16_AN
  Relative segment, address: 0001 - 0001 (0x1 bytes), align: 0
  Segment part 1. ROOT        Intra module refs:   initUART
           ENTRY                   ADDRESS         REF BY
           =====                   =======         ======
           IE2                     0001 
    -------------------------------------------------------------------------
DATA16_AN
  Relative segment, address: 0003 - 0003 (0x1 bytes), align: 0
  Segment part 2. ROOT        Intra module refs:   uart_data_ready
                                                   uart_getc
                                                   uart_putc
           ENTRY                   ADDRESS         REF BY
           =====                   =======         ======
           IFG2                    0003 
    -------------------------------------------------------------------------
DATA16_AN
  Relative segment, address: 0056 - 0056 (0x1 bytes), align: 0
  Segment part 3. ROOT        Intra module refs:   initUART
           ENTRY                   ADDRESS         REF BY
           =====                   =======         ======
           DCOCTL                  0056 
    -------------------------------------------------------------------------
DATA16_AN
  Relative segment, address: 0057 - 0057 (0x1 bytes), align: 0
  Segment part 4. ROOT        Intra module refs:   initUART
           ENTRY                   ADDRESS         REF BY
           =====                   =======         ======
           BCSCTL1                 0057 
    -------------------------------------------------------------------------
DATA16_AN
  Relative segment, address: 0021 - 0021 (0x1 bytes), align: 0
  Segment part 5. ROOT        Intra module refs:   main
           ENTRY                   ADDRESS         REF BY
           =====                   =======         ======
           P1OUT                   0021 
    -------------------------------------------------------------------------
DATA16_AN
  Relative segment, address: 0022 - 0022 (0x1 bytes), align: 0
  Segment part 6. ROOT        Intra module refs:   main
           ENTRY                   ADDRESS         REF BY
           =====                   =======         ======
           P1DIR                   0022 
    -------------------------------------------------------------------------
DATA16_AN
  Relative segment, address: 0028 - 0028 (0x1 bytes), align: 0
  Segment part 7. ROOT        Intra module refs:   main
           ENTRY                   ADDRESS         REF BY
           =====                   =======         ======
           P2IN                    0028 
    -------------------------------------------------------------------------
DATA16_AN
  Relative segment, address: 0029 - 0029 (0x1 bytes), align: 0
  Segment part 8. ROOT        Intra module refs:   main
           ENTRY                   ADDRESS         REF BY
           =====                   =======         ======
           P2OUT                   0029 
    -------------------------------------------------------------------------
DATA16_AN
  Relative segment, address: 002A - 002A (0x1 bytes), align: 0
  Segment part 9. ROOT        Intra module refs:   main
           ENTRY                   ADDRESS         REF BY
           =====                   =======         ======
           P2DIR                   002A 
    -------------------------------------------------------------------------
DATA16_AN
  Relative segment, address: 002F - 002F (0x1 bytes), align: 0
  Segment part 10. ROOT       Intra module refs:   main
           ENTRY                   ADDRESS         REF BY
           =====                   =======         ======
           P2REN                   002F 
    -------------------------------------------------------------------------
DATA16_AN
  Relative segment, address: 001B - 001B (0x1 bytes), align: 0
  Segment part 11. ROOT       Intra module refs:   initUART
           ENTRY                   ADDRESS         REF BY
           =====                   =======         ======
           P3SEL                   001B 
    -------------------------------------------------------------------------
DATA16_AN
  Relative segment, address: 0060 - 0060 (0x1 bytes), align: 0
  Segment part 12. ROOT       Intra module refs:   initUART
           ENTRY                   ADDRESS         REF BY
           =====                   =======         ======
           UCA0CTL0                0060 
    -------------------------------------------------------------------------
DATA16_AN
  Relative segment, address: 0061 - 0061 (0x1 bytes), align: 0
  Segment part 13. ROOT       Intra module refs:   initUART
           ENTRY                   ADDRESS         REF BY
           =====                   =======         ======
           UCA0CTL1                0061 
    -------------------------------------------------------------------------
DATA16_AN
  Relative segment, address: 0062 - 0062 (0x1 bytes), align: 0
  Segment part 14. ROOT       Intra module refs:   initUART
           ENTRY                   ADDRESS         REF BY
           =====                   =======         ======
           UCA0BR0                 0062 
    -------------------------------------------------------------------------
DATA16_AN
  Relative segment, address: 0063 - 0063 (0x1 bytes), align: 0
  Segment part 15. ROOT       Intra module refs:   initUART
           ENTRY                   ADDRESS         REF BY
           =====                   =======         ======
           UCA0BR1                 0063 
    -------------------------------------------------------------------------
DATA16_AN
  Relative segment, address: 0064 - 0064 (0x1 bytes), align: 0
  Segment part 16. ROOT       Intra module refs:   initUART
           ENTRY                   ADDRESS         REF BY
           =====                   =======         ======
           UCA0MCTL                0064 
    -------------------------------------------------------------------------
DATA16_AN
  Relative segment, address: 0066 - 0066 (0x1 bytes), align: 0
  Segment part 17. ROOT       Intra module refs:   uart_getc
           ENTRY                   ADDRESS         REF BY
           =====                   =======         ======
           UCA0RXBUF               0066 
    -------------------------------------------------------------------------
DATA16_AN
  Relative segment, address: 0067 - 0067 (0x1 bytes), align: 0
  Segment part 18. ROOT       Intra module refs:   uart_putc
           ENTRY                   ADDRESS         REF BY
           =====                   =======         ======
           UCA0TXBUF               0067 
    -------------------------------------------------------------------------
DATA16_AN
  Relative segment, address: 0120 - 0121 (0x2 bytes), align: 0
  Segment part 19. ROOT       Intra module refs:   main
           ENTRY                   ADDRESS         REF BY
           =====                   =======         ======
           WDTCTL                  0120 
    -------------------------------------------------------------------------
DATA16_AN
  Relative segment, address: 10FE - 10FE (0x1 bytes), align: 0
  Segment part 20. ROOT       Intra module refs:   initUART
           ENTRY                   ADDRESS         REF BY
           =====                   =======         ======
           CALDCO_1MHZ             10FE 
    -------------------------------------------------------------------------
DATA16_AN
  Relative segment, address: 10FF - 10FF (0x1 bytes), align: 0
  Segment part 21. ROOT       Intra module refs:   initUART
           ENTRY                   ADDRESS         REF BY
           =====                   =======         ======
           CALBC1_1MHZ             10FF 
    -------------------------------------------------------------------------
<CODE> 1 (was CODE)
  Relative segment, address: F80C - F875 (0x6a bytes), align: 1
  Segment part 29.
           ENTRY                   ADDRESS         REF BY
           =====                   =======         ======
           main                    F80C            Segment part 19 (?cstart)
               calls direct
    -------------------------------------------------------------------------
<CODE> 1 (was CODE)
  Relative segment, address: F876 - F8AD (0x38 bytes), align: 1
  Segment part 28.            Intra module refs:   main
           ENTRY                   ADDRESS         REF BY
           =====                   =======         ======
           initUART                F876 
    -------------------------------------------------------------------------
<CODE> 1 (was CODE)
  Relative segment, address: F8F4 - F8F5 (0x2 bytes), align: 1
  Segment part 30.            Intra module refs:   USCI0RX_ISR::??INTVEC 14
           ENTRY                   ADDRESS         REF BY
           =====                   =======         ======
           USCI0RX_ISR             F8F4 
               interrupt function
    -------------------------------------------------------------------------
<CODE> 1 (was CODE)
  Relative segment, address: F8D2 - F8DD (0xc bytes), align: 1
  Segment part 27.            Intra module refs:   main
           ENTRY                   ADDRESS         REF BY
           =====                   =======         ======
           uart_putc               F8D2 
    -------------------------------------------------------------------------
<CODE> 1 (was CODE)
  Relative segment, address: F8DE - F8E9 (0xc bytes), align: 1
  Segment part 25.            Intra module refs:   main
           ENTRY                   ADDRESS         REF BY
           =====                   =======         ======
           uart_getc               F8DE 
    -------------------------------------------------------------------------
<CODE> 1 (was CODE)
  Relative segment, address: F8C4 - F8D1 (0xe bytes), align: 1
  Segment part 33.            Intra module refs:   main
           ENTRY                   ADDRESS         REF BY
           =====                   =======         ======
           uart_data_ready         F8C4 
    -------------------------------------------------------------------------
<CODE> 1 (was CODE)
  Relative segment, address: F8AE - F8C3 (0x16 bytes), align: 1
  Segment part 26.            Intra module refs:   main
           ENTRY                   ADDRESS         REF BY
           =====                   =======         ======
           delayms                 F8AE 
    -------------------------------------------------------------------------
INTVEC
  Common segment, address: FFE0 - FFEF (0x10 bytes), align: 1
  Segment part 22. ROOT 
           ENTRY                   ADDRESS         REF BY
           =====                   =======         ======
           USCI0RX_ISR::??INTVEC 14
                                   FFEE 

    *************************************************************************

  FILE NAME : C:\Program Files (x86)\IAR Systems\Embedded Workbench 8.0\430\lib\dlib\dl430fn.r43
  LIBRARY MODULE, NAME : ?_exit

  SEGMENTS IN THE MODULE
  ======================
<CODE> 1 (was CODE)
  Relative segment, address: F8EA, align: 1
  Segment part 0.
           ENTRY                   ADDRESS         REF BY
           =====                   =======         ======
           _exit                   F8EA            exit (?exit)
    -------------------------------------------------------------------------
<CODE> 1 (was CODE)
  Relative segment, address: F8EA - F8ED (0x4 bytes), align: 1
  Segment part 6.             Intra module refs:   _exit

    -------------------------------------------------------------------------
  LIBRARY MODULE, NAME : ?cstart

  SEGMENTS IN THE MODULE
  ======================
CSTACK
  Relative segment, address: 02B0, align: 1
  Segment part 1.
    -------------------------------------------------------------------------
CSTART
  Relative segment, address: F800 - F803 (0x4 bytes), align: 1
  Segment part 9.
           ENTRY                   ADDRESS         REF BY
           =====                   =======         ======
           __program_start         F800            ?reset_vector (?reset_vector)
                                                   Absolute parts (?ABS_ENTRY_MOD)
           ?cstart_begin           F800 
    -------------------------------------------------------------------------
CSTART
  Relative segment, address: F804 - F80B (0x8 bytes), align: 1
  Segment part 19.            Intra module refs:   Segment part 9
           ENTRY                   ADDRESS         REF BY
           =====                   =======         ======
           ?cstart_call_main       F804 
           ?cstart_end             F80C 

    -------------------------------------------------------------------------
  LIBRARY MODULE, NAME : ?reset_vector

  SEGMENTS IN THE MODULE
  ======================
RESET
  Relative segment, address: FFFE - FFFF (0x2 bytes), align: 1
  Segment part 0.
           ENTRY                   ADDRESS         REF BY
           =====                   =======         ======
           ?reset_vector           FFFE            Segment part 9 (?cstart)

    -------------------------------------------------------------------------
  LIBRARY MODULE, NAME : ?exit

  SEGMENTS IN THE MODULE
  ======================
<CODE> 1 (was CODE)
  Relative segment, address: F8EE - F8F1 (0x4 bytes), align: 1
  Segment part 2.
           ENTRY                   ADDRESS         REF BY
           =====                   =======         ======
           exit                    F8EE            Segment part 19 (?cstart)
               calls direct

    -------------------------------------------------------------------------
  LIBRARY MODULE, NAME : ?__exit

  SEGMENTS IN THE MODULE
  ======================
<CODE> 1 (was CODE)
  Relative segment, address: F8F2 - F8F3 (0x2 bytes), align: 1
  Segment part 2.
           ENTRY                   ADDRESS         REF BY
           =====                   =======         ======
           __exit                  F8F2            Segment part 6 (?_exit)
                                                   _exit (?_exit)




                ****************************************
                *                                      *
                *      SEGMENTS IN ADDRESS ORDER       *
                *                                      *
                ****************************************


SEGMENT              SPACE    START ADDRESS   END ADDRESS     SIZE  TYPE  ALIGN
=======              =====    =============   ===========     ====  ====  =====
DATA16_AN                              0001 - 0001               1   rel    0
                                       0003 - 0003               1 
                                       001B - 001B               1 
                                       0021 - 0022               2 
                                       0028 - 002A               3 
                                       002F - 002F               1 
                                       0056 - 0057               2 
                                       0060 - 0064               5 
                                       0066 - 0067               2 
                                       0120 - 0121               2 
CSTACK                                 02B0 - 02FF              50   rel    1
DATA16_AN                              10FE - 10FF               2   rel    0
CSTART                                 F800 - F80B               C   rel    1
<CODE> 1                               F80C - F8F5              EA   rel    1
INTVEC                                 FFE0 - FFEF              10   com    1
RESET                                  FFFE - FFFF               2   rel    1

                ****************************************
                *                                      *
                *        END OF CROSS REFERENCE        *
                *                                      *
                ****************************************

 264 bytes of CODE memory
  80 bytes of DATA memory (+ 22 absolute )

Errors: none
Warnings: none

